
> chainlearn-frontend@0.1.0 test
> vitest run

(!) Your Vite config uses features that are unsupported by `configLoader: 'native'`, which is planned to become the default in a future major version of Vite:
  - ESM syntax in a file loaded as CommonJS (vitest.config.ts:1:1). Use a `.mjs` extension or set `"type": "module"` in the closest package.json
Set `VITE_CONFIG_NATIVE_IGNORE_WARNING=true` to suppress this warning.

 RUN  v4.1.11 /home/joel/Documents/Joel/drips/chainlearn-frontend

 ✓ src/tests/course/course-card.test.tsx (12 tests) 2037ms
     ✓ renders the course title  383ms
     ✓ links to the correct course URL  649ms
 ❯ src/components/course/course-card.test.tsx (3 tests | 1 failed) 2678ms
     × renders course title and difficulty 1168ms
     ✓ links to the course detail page  1370ms
     ✓ shows progress when enrolled 119ms
 ✓ src/tests/layout/mobile-nav.test.tsx (4 tests) 4526ms
     ✓ renders all nav links  3401ms
     ✓ applies active color class to the current path link  598ms
     ✓ applies inactive color class to non-current links  452ms
 ✓ src/tests/layout/sidebar.test.tsx (3 tests) 1396ms
     ✓ renders all nav links  983ms
 ❯ src/components/layout/mobile-nav.test.tsx (2 tests | 2 failed) 488ms
     × renders bottom navigation links 407ms
     × highlights the active link 48ms
 ❯ src/components/layout/sidebar.test.tsx (2 tests | 2 failed) 116ms
     × renders all navigation links 85ms
     × marks the active route 16ms
 ✓ src/tests/ui/avatar.test.tsx (10 tests) 166ms
 ❯ src/components/layout/header.test.tsx (4 tests | 1 failed) 478ms
     ✓ renders brand name  302ms
     ✓ hides nav links when unauthenticated 20ms
     ✓ shows nav links when authenticated 61ms
     × toggles mobile navigation 77ms
 ✓ src/tests/layout/header.test.tsx (6 tests) 5953ms
     ✓ renders the ChainLearn logo link  1913ms
     ✓ renders the ConnectButton  746ms
     ✓ does not show nav links when unauthenticated  732ms
     ✓ shows nav links when authenticated  693ms
     ✓ shows wallet address when authenticated  419ms
     ✓ toggles mobile nav on hamburger click  1425ms
 ✓ src/components/ui/button.test.tsx (5 tests) 3234ms
     ✓ renders children  2167ms
     ✓ calls onClick when clicked  501ms
 ✓ src/tests/ui/select.test.tsx (5 tests) 5797ms
     ✓ renders the trigger with placeholder  680ms
     ✓ opens the listbox and shows options  2060ms
     ✓ selects an option via click and calls onValueChange  1561ms
     ✓ supports disabled options  836ms
     ✓ supports keyboard navigation to open and select  650ms
 ✓ src/tests/course/progress-bar.test.tsx (10 tests) 2263ms
     ✓ renders with a progress role  1442ms
 ✓ src/tests/wallet/connect-button.test.tsx (7 tests) 2586ms
     ✓ shows 'Connect Wallet' when unauthenticated  1584ms
     ✓ calls connectWallet when clicked and unauthenticated  345ms
 ✓ src/tests/ui/button.test.tsx (14 tests) 1638ms
     ✓ renders children  1081ms
 ✓ src/tests/shared/toast.test.tsx (11 tests) 1551ms
     ✓ calls onClose when close button is clicked  993ms
stderr | src/tests/rewards/claim-button.test.tsx > ClaimButton > stays claimable when onClaim rejects
Claim failed: Error: tx failed
    at /home/joel/Documents/Joel/drips/chainlearn-frontend/src/tests/rewards/claim-button.test.tsx:54:47
    at file:///home/joel/Documents/Joel/drips/chainlearn-frontend/node_modules/@vitest/runner/dist/chunk-artifact.js:302:11
    at file:///home/joel/Documents/Joel/drips/chainlearn-frontend/node_modules/@vitest/runner/dist/chunk-artifact.js:1903:26
    at file:///home/joel/Documents/Joel/drips/chainlearn-frontend/node_modules/@vitest/runner/dist/chunk-artifact.js:2326:20
    at new Promise (<anonymous>)
    at runWithCancel (file:///home/joel/Documents/Joel/drips/chainlearn-frontend/node_modules/@vitest/runner/dist/chunk-artifact.js:2323:10)
    at file:///home/joel/Documents/Joel/drips/chainlearn-frontend/node_modules/@vitest/runner/dist/chunk-artifact.js:2305:20
    at new Promise (<anonymous>)
    at runWithTimeout (file:///home/joel/Documents/Joel/drips/chainlearn-frontend/node_modules/@vitest/runner/dist/chunk-artifact.js:2272:10)
    at file:///home/joel/Documents/Joel/drips/chainlearn-frontend/node_modules/@vitest/runner/dist/chunk-artifact.js:2956:64

 ✓ src/tests/rewards/claim-button.test.tsx (6 tests) 2561ms
     ✓ renders claim button with amount  695ms
     ✓ shows loading state while claiming  826ms
     ✓ button is disabled after claim  344ms
 ✓ src/tests/shared/route-error.test.tsx (5 tests) 1453ms
     ✓ renders the Try Again button  960ms
 ✓ src/components/rewards/claim-button.test.tsx (3 tests) 862ms
     ✓ renders claim amount  603ms
 ✓ src/components/credentials/credential-card.test.tsx (2 tests) 585ms
     ✓ links to credential detail page  391ms
Error: Boom!
    at Bomb (/home/joel/Documents/Joel/drips/chainlearn-frontend/src/tests/shared/error-boundary.test.tsx:8:26)
    at renderWithHooks (/home/joel/Documents/Joel/drips/chainlearn-frontend/node_modules/react-dom/cjs/react-dom.development.js:15486:18)
    at mountIndeterminateComponent (/home/joel/Documents/Joel/drips/chainlearn-frontend/node_modules/react-dom/cjs/react-dom.development.js:20103:13)
    at beginWork (/home/joel/Documents/Joel/drips/chainlearn-frontend/node_modules/react-dom/cjs/react-dom.development.js:21626:16)
    at HTMLUnknownElement.callCallback (/home/joel/Documents/Joel/drips/chainlearn-frontend/node_modules/react-dom/cjs/react-dom.development.js:4164:14)
    at HTMLUnknownElement.callTheUserObjectsOperation (/home/joel/Documents/Joel/drips/chainlearn-frontend/node_modules/jsdom/lib/generated/idl/EventListener.js:26:30)
    at innerInvokeEventListeners (/home/joel/Documents/Joel/drips/chainlearn-frontend/node_modules/jsdom/lib/jsdom/living/events/EventTarget-impl.js:360:16)
    at invokeEventListeners (/home/joel/Documents/Joel/drips/chainlearn-frontend/node_modules/jsdom/lib/jsdom/living/events/EventTarget-impl.js:296:3)
    at HTMLUnknownElementImpl._dispatch (/home/joel/Documents/Joel/drips/chainlearn-frontend/node_modules/jsdom/lib/jsdom/living/events/EventTarget-impl.js:243:9)
    at HTMLUnknownElementImpl.dispatchEvent (/home/joel/Documents/Joel/drips/chainlearn-frontend/node_modules/jsdom/lib/jsdom/living/events/EventTarget-impl.js:114:17)
Error: Boom!
    at Bomb (/home/joel/Documents/Joel/drips/chainlearn-frontend/src/tests/shared/error-boundary.test.tsx:8:26)
    at renderWithHooks (/home/joel/Documents/Joel/drips/chainlearn-frontend/node_modules/react-dom/cjs/react-dom.development.js:15486:18)
    at mountIndeterminateComponent (/home/joel/Documents/Joel/drips/chainlearn-frontend/node_modules/react-dom/cjs/react-dom.development.js:20103:13)
    at beginWork (/home/joel/Documents/Joel/drips/chainlearn-frontend/node_modules/react-dom/cjs/react-dom.development.js:21626:16)
    at HTMLUnknownElement.callCallback (/home/joel/Documents/Joel/drips/chainlearn-frontend/node_modules/react-dom/cjs/react-dom.development.js:4164:14)
    at HTMLUnknownElement.callTheUserObjectsOperation (/home/joel/Documents/Joel/drips/chainlearn-frontend/node_modules/jsdom/lib/generated/idl/EventListener.js:26:30)
    at innerInvokeEventListeners (/home/joel/Documents/Joel/drips/chainlearn-frontend/node_modules/jsdom/lib/jsdom/living/events/EventTarget-impl.js:360:16)
    at invokeEventListeners (/home/joel/Documents/Joel/drips/chainlearn-frontend/node_modules/jsdom/lib/jsdom/living/events/EventTarget-impl.js:296:3)
    at HTMLUnknownElementImpl._dispatch (/home/joel/Documents/Joel/drips/chainlearn-frontend/node_modules/jsdom/lib/jsdom/living/events/EventTarget-impl.js:243:9)
    at HTMLUnknownElementImpl.dispatchEvent (/home/joel/Documents/Joel/drips/chainlearn-frontend/node_modules/jsdom/lib/jsdom/living/events/EventTarget-impl.js:114:17)
Error: Boom!
    at Bomb (/home/joel/Documents/Joel/drips/chainlearn-frontend/src/tests/shared/error-boundary.test.tsx:8:26)
    at renderWithHooks (/home/joel/Documents/Joel/drips/chainlearn-frontend/node_modules/react-dom/cjs/react-dom.development.js:15486:18)
    at mountIndeterminateComponent (/home/joel/Documents/Joel/drips/chainlearn-frontend/node_modules/react-dom/cjs/react-dom.development.js:20103:13)
    at beginWork (/home/joel/Documents/Joel/drips/chainlearn-frontend/node_modules/react-dom/cjs/react-dom.development.js:21626:16)
    at HTMLUnknownElement.callCallback (/home/joel/Documents/Joel/drips/chainlearn-frontend/node_modules/react-dom/cjs/react-dom.development.js:4164:14)
    at HTMLUnknownElement.callTheUserObjectsOperation (/home/joel/Documents/Joel/drips/chainlearn-frontend/node_modules/jsdom/lib/generated/idl/EventListener.js:26:30)
    at innerInvokeEventListeners (/home/joel/Documents/Joel/drips/chainlearn-frontend/node_modules/jsdom/lib/jsdom/living/events/EventTarget-impl.js:360:16)
    at invokeEventListeners (/home/joel/Documents/Joel/drips/chainlearn-frontend/node_modules/jsdom/lib/jsdom/living/events/EventTarget-impl.js:296:3)
    at HTMLUnknownElementImpl._dispatch (/home/joel/Documents/Joel/drips/chainlearn-frontend/node_modules/jsdom/lib/jsdom/living/events/EventTarget-impl.js:243:9)
    at HTMLUnknownElementImpl.dispatchEvent (/home/joel/Documents/Joel/drips/chainlearn-frontend/node_modules/jsdom/lib/jsdom/living/events/EventTarget-impl.js:114:17)
Error: Boom!
    at Bomb (/home/joel/Documents/Joel/drips/chainlearn-frontend/src/tests/shared/error-boundary.test.tsx:8:26)
    at renderWithHooks (/home/joel/Documents/Joel/drips/chainlearn-frontend/node_modules/react-dom/cjs/react-dom.development.js:15486:18)
    at mountIndeterminateComponent (/home/joel/Documents/Joel/drips/chainlearn-frontend/node_modules/react-dom/cjs/react-dom.development.js:20103:13)
    at beginWork (/home/joel/Documents/Joel/drips/chainlearn-frontend/node_modules/react-dom/cjs/react-dom.development.js:21626:16)
    at HTMLUnknownElement.callCallback (/home/joel/Documents/Joel/drips/chainlearn-frontend/node_modules/react-dom/cjs/react-dom.development.js:4164:14)
    at HTMLUnknownElement.callTheUserObjectsOperation (/home/joel/Documents/Joel/drips/chainlearn-frontend/node_modules/jsdom/lib/generated/idl/EventListener.js:26:30)
    at innerInvokeEventListeners (/home/joel/Documents/Joel/drips/chainlearn-frontend/node_modules/jsdom/lib/jsdom/living/events/EventTarget-impl.js:360:16)
    at invokeEventListeners (/home/joel/Documents/Joel/drips/chainlearn-frontend/node_modules/jsdom/lib/jsdom/living/events/EventTarget-impl.js:296:3)
    at HTMLUnknownElementImpl._dispatch (/home/joel/Documents/Joel/drips/chainlearn-frontend/node_modules/jsdom/lib/jsdom/living/events/EventTarget-impl.js:243:9)
    at HTMLUnknownElementImpl.dispatchEvent (/home/joel/Documents/Joel/drips/chainlearn-frontend/node_modules/jsdom/lib/jsdom/living/events/EventTarget-impl.js:114:17)
Error: Boom!
    at Bomb (/home/joel/Documents/Joel/drips/chainlearn-frontend/src/tests/shared/error-boundary.test.tsx:8:26)
    at renderWithHooks (/home/joel/Documents/Joel/drips/chainlearn-frontend/node_modules/react-dom/cjs/react-dom.development.js:15486:18)
    at mountIndeterminateComponent (/home/joel/Documents/Joel/drips/chainlearn-frontend/node_modules/react-dom/cjs/react-dom.development.js:20103:13)
    at beginWork (/home/joel/Documents/Joel/drips/chainlearn-frontend/node_modules/react-dom/cjs/react-dom.development.js:21626:16)
    at HTMLUnknownElement.callCallback (/home/joel/Documents/Joel/drips/chainlearn-frontend/node_modules/react-dom/cjs/react-dom.development.js:4164:14)
    at HTMLUnknownElement.callTheUserObjectsOperation (/home/joel/Documents/Joel/drips/chainlearn-frontend/node_modules/jsdom/lib/generated/idl/EventListener.js:26:30)
    at innerInvokeEventListeners (/home/joel/Documents/Joel/drips/chainlearn-frontend/node_modules/jsdom/lib/jsdom/living/events/EventTarget-impl.js:360:16)
    at invokeEventListeners (/home/joel/Documents/Joel/drips/chainlearn-frontend/node_modules/jsdom/lib/jsdom/living/events/EventTarget-impl.js:296:3)
    at HTMLUnknownElementImpl._dispatch (/home/joel/Documents/Joel/drips/chainlearn-frontend/node_modules/jsdom/lib/jsdom/living/events/EventTarget-impl.js:243:9)
    at HTMLUnknownElementImpl.dispatchEvent (/home/joel/Documents/Joel/drips/chainlearn-frontend/node_modules/jsdom/lib/jsdom/living/events/EventTarget-impl.js:114:17)
Error: Boom!
    at Bomb (/home/joel/Documents/Joel/drips/chainlearn-frontend/src/tests/shared/error-boundary.test.tsx:8:26)
    at renderWithHooks (/home/joel/Documents/Joel/drips/chainlearn-frontend/node_modules/react-dom/cjs/react-dom.development.js:15486:18)
    at mountIndeterminateComponent (/home/joel/Documents/Joel/drips/chainlearn-frontend/node_modules/react-dom/cjs/react-dom.development.js:20103:13)
    at beginWork (/home/joel/Documents/Joel/drips/chainlearn-frontend/node_modules/react-dom/cjs/react-dom.development.js:21626:16)
    at HTMLUnknownElement.callCallback (/home/joel/Documents/Joel/drips/chainlearn-frontend/node_modules/react-dom/cjs/react-dom.development.js:4164:14)
    at HTMLUnknownElement.callTheUserObjectsOperation (/home/joel/Documents/Joel/drips/chainlearn-frontend/node_modules/jsdom/lib/generated/idl/EventListener.js:26:30)
    at innerInvokeEventListeners (/home/joel/Documents/Joel/drips/chainlearn-frontend/node_modules/jsdom/lib/jsdom/living/events/EventTarget-impl.js:360:16)
    at invokeEventListeners (/home/joel/Documents/Joel/drips/chainlearn-frontend/node_modules/jsdom/lib/jsdom/living/events/EventTarget-impl.js:296:3)
    at HTMLUnknownElementImpl._dispatch (/home/joel/Documents/Joel/drips/chainlearn-frontend/node_modules/jsdom/lib/jsdom/living/events/EventTarget-impl.js:243:9)
    at HTMLUnknownElementImpl.dispatchEvent (/home/joel/Documents/Joel/drips/chainlearn-frontend/node_modules/jsdom/lib/jsdom/living/events/EventTarget-impl.js:114:17)
 ✓ src/tests/ui/card.test.tsx (10 tests) 520ms
     ✓ renders as h3  336ms
Error: Boom!
    at Bomb (/home/joel/Documents/Joel/drips/chainlearn-frontend/src/tests/shared/error-boundary.test.tsx:8:26)
    at renderWithHooks (/home/joel/Documents/Joel/drips/chainlearn-frontend/node_modules/react-dom/cjs/react-dom.development.js:15486:18)
    at mountIndeterminateComponent (/home/joel/Documents/Joel/drips/chainlearn-frontend/node_modules/react-dom/cjs/react-dom.development.js:20103:13)
    at beginWork (/home/joel/Documents/Joel/drips/chainlearn-frontend/node_modules/react-dom/cjs/react-dom.development.js:21626:16)
    at HTMLUnknownElement.callCallback (/home/joel/Documents/Joel/drips/chainlearn-frontend/node_modules/react-dom/cjs/react-dom.development.js:4164:14)
    at HTMLUnknownElement.callTheUserObjectsOperation (/home/joel/Documents/Joel/drips/chainlearn-frontend/node_modules/jsdom/lib/generated/idl/EventListener.js:26:30)
    at innerInvokeEventListeners (/home/joel/Documents/Joel/drips/chainlearn-frontend/node_modules/jsdom/lib/jsdom/living/events/EventTarget-impl.js:360:16)
    at invokeEventListeners (/home/joel/Documents/Joel/drips/chainlearn-frontend/node_modules/jsdom/lib/jsdom/living/events/EventTarget-impl.js:296:3)
    at HTMLUnknownElementImpl._dispatch (/home/joel/Documents/Joel/drips/chainlearn-frontend/node_modules/jsdom/lib/jsdom/living/events/EventTarget-impl.js:243:9)
    at HTMLUnknownElementImpl.dispatchEvent (/home/joel/Documents/Joel/drips/chainlearn-frontend/node_modules/jsdom/lib/jsdom/living/events/EventTarget-impl.js:114:17)
Error: Boom!
    at Bomb (/home/joel/Documents/Joel/drips/chainlearn-frontend/src/tests/shared/error-boundary.test.tsx:8:26)
    at renderWithHooks (/home/joel/Documents/Joel/drips/chainlearn-frontend/node_modules/react-dom/cjs/react-dom.development.js:15486:18)
    at mountIndeterminateComponent (/home/joel/Documents/Joel/drips/chainlearn-frontend/node_modules/react-dom/cjs/react-dom.development.js:20103:13)
    at beginWork (/home/joel/Documents/Joel/drips/chainlearn-frontend/node_modules/react-dom/cjs/react-dom.development.js:21626:16)
    at HTMLUnknownElement.callCallback (/home/joel/Documents/Joel/drips/chainlearn-frontend/node_modules/react-dom/cjs/react-dom.development.js:4164:14)
    at HTMLUnknownElement.callTheUserObjectsOperation (/home/joel/Documents/Joel/drips/chainlearn-frontend/node_modules/jsdom/lib/generated/idl/EventListener.js:26:30)
    at innerInvokeEventListeners (/home/joel/Documents/Joel/drips/chainlearn-frontend/node_modules/jsdom/lib/jsdom/living/events/EventTarget-impl.js:360:16)
    at invokeEventListeners (/home/joel/Documents/Joel/drips/chainlearn-frontend/node_modules/jsdom/lib/jsdom/living/events/EventTarget-impl.js:296:3)
    at HTMLUnknownElementImpl._dispatch (/home/joel/Documents/Joel/drips/chainlearn-frontend/node_modules/jsdom/lib/jsdom/living/events/EventTarget-impl.js:243:9)
    at HTMLUnknownElementImpl.dispatchEvent (/home/joel/Documents/Joel/drips/chainlearn-frontend/node_modules/jsdom/lib/jsdom/living/events/EventTarget-impl.js:114:17)
Error: Boom!
    at Bomb (/home/joel/Documents/Joel/drips/chainlearn-frontend/src/tests/shared/error-boundary.test.tsx:8:26)
    at renderWithHooks (/home/joel/Documents/Joel/drips/chainlearn-frontend/node_modules/react-dom/cjs/react-dom.development.js:15486:18)
    at mountIndeterminateComponent (/home/joel/Documents/Joel/drips/chainlearn-frontend/node_modules/react-dom/cjs/react-dom.development.js:20103:13)
    at beginWork (/home/joel/Documents/Joel/drips/chainlearn-frontend/node_modules/react-dom/cjs/react-dom.development.js:21626:16)
    at HTMLUnknownElement.callCallback (/home/joel/Documents/Joel/drips/chainlearn-frontend/node_modules/react-dom/cjs/react-dom.development.js:4164:14)
    at HTMLUnknownElement.callTheUserObjectsOperation (/home/joel/Documents/Joel/drips/chainlearn-frontend/node_modules/jsdom/lib/generated/idl/EventListener.js:26:30)
    at innerInvokeEventListeners (/home/joel/Documents/Joel/drips/chainlearn-frontend/node_modules/jsdom/lib/jsdom/living/events/EventTarget-impl.js:360:16)
    at invokeEventListeners (/home/joel/Documents/Joel/drips/chainlearn-frontend/node_modules/jsdom/lib/jsdom/living/events/EventTarget-impl.js:296:3)
    at HTMLUnknownElementImpl._dispatch (/home/joel/Documents/Joel/drips/chainlearn-frontend/node_modules/jsdom/lib/jsdom/living/events/EventTarget-impl.js:243:9)
    at HTMLUnknownElementImpl.dispatchEvent (/home/joel/Documents/Joel/drips/chainlearn-frontend/node_modules/jsdom/lib/jsdom/living/events/EventTarget-impl.js:114:17)
Error: Boom!
    at Bomb (/home/joel/Documents/Joel/drips/chainlearn-frontend/src/tests/shared/error-boundary.test.tsx:8:26)
    at renderWithHooks (/home/joel/Documents/Joel/drips/chainlearn-frontend/node_modules/react-dom/cjs/react-dom.development.js:15486:18)
    at mountIndeterminateComponent (/home/joel/Documents/Joel/drips/chainlearn-frontend/node_modules/react-dom/cjs/react-dom.development.js:20103:13)
    at beginWork (/home/joel/Documents/Joel/drips/chainlearn-frontend/node_modules/react-dom/cjs/react-dom.development.js:21626:16)
    at HTMLUnknownElement.callCallback (/home/joel/Documents/Joel/drips/chainlearn-frontend/node_modules/react-dom/cjs/react-dom.development.js:4164:14)
    at HTMLUnknownElement.callTheUserObjectsOperation (/home/joel/Documents/Joel/drips/chainlearn-frontend/node_modules/jsdom/lib/generated/idl/EventListener.js:26:30)
    at innerInvokeEventListeners (/home/joel/Documents/Joel/drips/chainlearn-frontend/node_modules/jsdom/lib/jsdom/living/events/EventTarget-impl.js:360:16)
    at invokeEventListeners (/home/joel/Documents/Joel/drips/chainlearn-frontend/node_modules/jsdom/lib/jsdom/living/events/EventTarget-impl.js:296:3)
    at HTMLUnknownElementImpl._dispatch (/home/joel/Documents/Joel/drips/chainlearn-frontend/node_modules/jsdom/lib/jsdom/living/events/EventTarget-impl.js:243:9)
    at HTMLUnknownElementImpl.dispatchEvent (/home/joel/Documents/Joel/drips/chainlearn-frontend/node_modules/jsdom/lib/jsdom/living/events/EventTarget-impl.js:114:17)
 ✓ src/tests/shared/error-boundary.test.tsx (5 tests) 864ms
     ✓ shows 'Try Again' button in default fallback  456ms
 ✓ src/tests/credentials/credential-card.test.tsx (6 tests) 794ms
     ✓ links to the credential detail page  399ms
 ✓ src/tests/rewards/reward-history.test.tsx (6 tests) 1383ms
     ✓ shows empty state when claims array is empty  368ms
     ✓ renders an explorer link for confirmed claims with txHash  695ms
 ✓ src/components/shared/toast.test.tsx (3 tests) 2139ms
     ✓ renders message with default info variant  479ms
     ✓ calls onClose when dismiss button is clicked  1483ms
 ✓ src/components/rewards/reward-history.test.tsx (3 tests) 567ms
     ✓ links confirmed claims to stellar.expert  369ms
Error: Boom exploded
    at Boom (/home/joel/Documents/Joel/drips/chainlearn-frontend/src/components/shared/error-boundary.test.tsx:6:9)
    at renderWithHooks (/home/joel/Documents/Joel/drips/chainlearn-frontend/node_modules/react-dom/cjs/react-dom.development.js:15486:18)
    at mountIndeterminateComponent (/home/joel/Documents/Joel/drips/chainlearn-frontend/node_modules/react-dom/cjs/react-dom.development.js:20103:13)
    at beginWork (/home/joel/Documents/Joel/drips/chainlearn-frontend/node_modules/react-dom/cjs/react-dom.development.js:21626:16)
    at HTMLUnknownElement.callCallback (/home/joel/Documents/Joel/drips/chainlearn-frontend/node_modules/react-dom/cjs/react-dom.development.js:4164:14)
    at HTMLUnknownElement.callTheUserObjectsOperation (/home/joel/Documents/Joel/drips/chainlearn-frontend/node_modules/jsdom/lib/generated/idl/EventListener.js:26:30)
    at innerInvokeEventListeners (/home/joel/Documents/Joel/drips/chainlearn-frontend/node_modules/jsdom/lib/jsdom/living/events/EventTarget-impl.js:360:16)
    at invokeEventListeners (/home/joel/Documents/Joel/drips/chainlearn-frontend/node_modules/jsdom/lib/jsdom/living/events/EventTarget-impl.js:296:3)
    at HTMLUnknownElementImpl._dispatch (/home/joel/Documents/Joel/drips/chainlearn-frontend/node_modules/jsdom/lib/jsdom/living/events/EventTarget-impl.js:243:9)
    at HTMLUnknownElementImpl.dispatchEvent (/home/joel/Documents/Joel/drips/chainlearn-frontend/node_modules/jsdom/lib/jsdom/living/events/EventTarget-impl.js:114:17)
Error: Boom exploded
    at Boom (/home/joel/Documents/Joel/drips/chainlearn-frontend/src/components/shared/error-boundary.test.tsx:6:9)
    at renderWithHooks (/home/joel/Documents/Joel/drips/chainlearn-frontend/node_modules/react-dom/cjs/react-dom.development.js:15486:18)
    at mountIndeterminateComponent (/home/joel/Documents/Joel/drips/chainlearn-frontend/node_modules/react-dom/cjs/react-dom.development.js:20103:13)
    at beginWork (/home/joel/Documents/Joel/drips/chainlearn-frontend/node_modules/react-dom/cjs/react-dom.development.js:21626:16)
    at HTMLUnknownElement.callCallback (/home/joel/Documents/Joel/drips/chainlearn-frontend/node_modules/react-dom/cjs/react-dom.development.js:4164:14)
    at HTMLUnknownElement.callTheUserObjectsOperation (/home/joel/Documents/Joel/drips/chainlearn-frontend/node_modules/jsdom/lib/generated/idl/EventListener.js:26:30)
    at innerInvokeEventListeners (/home/joel/Documents/Joel/drips/chainlearn-frontend/node_modules/jsdom/lib/jsdom/living/events/EventTarget-impl.js:360:16)
    at invokeEventListeners (/home/joel/Documents/Joel/drips/chainlearn-frontend/node_modules/jsdom/lib/jsdom/living/events/EventTarget-impl.js:296:3)
    at HTMLUnknownElementImpl._dispatch (/home/joel/Documents/Joel/drips/chainlearn-frontend/node_modules/jsdom/lib/jsdom/living/events/EventTarget-impl.js:243:9)
    at HTMLUnknownElementImpl.dispatchEvent (/home/joel/Documents/Joel/drips/chainlearn-frontend/node_modules/jsdom/lib/jsdom/living/events/EventTarget-impl.js:114:17)
Error: Boom exploded
    at Boom (/home/joel/Documents/Joel/drips/chainlearn-frontend/src/components/shared/error-boundary.test.tsx:6:9)
    at renderWithHooks (/home/joel/Documents/Joel/drips/chainlearn-frontend/node_modules/react-dom/cjs/react-dom.development.js:15486:18)
    at mountIndeterminateComponent (/home/joel/Documents/Joel/drips/chainlearn-frontend/node_modules/react-dom/cjs/react-dom.development.js:20103:13)
    at beginWork (/home/joel/Documents/Joel/drips/chainlearn-frontend/node_modules/react-dom/cjs/react-dom.development.js:21626:16)
    at HTMLUnknownElement.callCallback (/home/joel/Documents/Joel/drips/chainlearn-frontend/node_modules/react-dom/cjs/react-dom.development.js:4164:14)
    at HTMLUnknownElement.callTheUserObjectsOperation (/home/joel/Documents/Joel/drips/chainlearn-frontend/node_modules/jsdom/lib/generated/idl/EventListener.js:26:30)
    at innerInvokeEventListeners (/home/joel/Documents/Joel/drips/chainlearn-frontend/node_modules/jsdom/lib/jsdom/living/events/EventTarget-impl.js:360:16)
    at invokeEventListeners (/home/joel/Documents/Joel/drips/chainlearn-frontend/node_modules/jsdom/lib/jsdom/living/events/EventTarget-impl.js:296:3)
    at HTMLUnknownElementImpl._dispatch (/home/joel/Documents/Joel/drips/chainlearn-frontend/node_modules/jsdom/lib/jsdom/living/events/EventTarget-impl.js:243:9)
    at HTMLUnknownElementImpl.dispatchEvent (/home/joel/Documents/Joel/drips/chainlearn-frontend/node_modules/jsdom/lib/jsdom/living/events/EventTarget-impl.js:114:17)
Error: Boom exploded
    at Boom (/home/joel/Documents/Joel/drips/chainlearn-frontend/src/components/shared/error-boundary.test.tsx:6:9)
    at renderWithHooks (/home/joel/Documents/Joel/drips/chainlearn-frontend/node_modules/react-dom/cjs/react-dom.development.js:15486:18)
    at mountIndeterminateComponent (/home/joel/Documents/Joel/drips/chainlearn-frontend/node_modules/react-dom/cjs/react-dom.development.js:20103:13)
    at beginWork (/home/joel/Documents/Joel/drips/chainlearn-frontend/node_modules/react-dom/cjs/react-dom.development.js:21626:16)
    at HTMLUnknownElement.callCallback (/home/joel/Documents/Joel/drips/chainlearn-frontend/node_modules/react-dom/cjs/react-dom.development.js:4164:14)
    at HTMLUnknownElement.callTheUserObjectsOperation (/home/joel/Documents/Joel/drips/chainlearn-frontend/node_modules/jsdom/lib/generated/idl/EventListener.js:26:30)
    at innerInvokeEventListeners (/home/joel/Documents/Joel/drips/chainlearn-frontend/node_modules/jsdom/lib/jsdom/living/events/EventTarget-impl.js:360:16)
    at invokeEventListeners (/home/joel/Documents/Joel/drips/chainlearn-frontend/node_modules/jsdom/lib/jsdom/living/events/EventTarget-impl.js:296:3)
    at HTMLUnknownElementImpl._dispatch (/home/joel/Documents/Joel/drips/chainlearn-frontend/node_modules/jsdom/lib/jsdom/living/events/EventTarget-impl.js:243:9)
    at HTMLUnknownElementImpl.dispatchEvent (/home/joel/Documents/Joel/drips/chainlearn-frontend/node_modules/jsdom/lib/jsdom/living/events/EventTarget-impl.js:114:17)
 ✓ src/components/shared/error-boundary.test.tsx (3 tests) 485ms
     ✓ shows fallback UI with error message and retry button  367ms
 ✓ src/tests/ui/input.test.tsx (8 tests) 583ms
     ✓ renders an input element  327ms
 ✓ src/components/course/progress-bar.test.tsx (4 tests) 459ms
     ✓ renders progress value and label  416ms
 ✓ src/tests/shared/loading-skeleton.test.tsx (9 tests) 208ms
 ✓ src/tests/credentials/credential-badge.test.tsx (7 tests) 363ms
 ✓ src/components/rewards/token-balance.test.tsx (2 tests) 206ms
 ✓ src/components/wallet/wallet-provider.test.tsx (1 test) 85ms
 ✓ src/tests/rewards/token-balance.test.tsx (5 tests) 218ms
 ✓ src/tests/ui/separator.test.tsx (6 tests) 92ms
 ✓ src/components/ui/skeleton.test.tsx (3 tests) 107ms
 ✓ src/tests/auth/auth-provider.test.tsx (6 tests) 101ms
 ✓ src/components/ui/card.test.tsx (2 tests) 108ms
 ✓ src/tests/wallet/wallet-provider.test.tsx (3 tests) 163ms
 ✓ src/components/ui/input.test.tsx (3 tests) 81ms
 ✓ src/lib/utils/__tests__/cn.test.ts (5 tests) 12ms

⎯⎯⎯⎯⎯⎯⎯ Failed Tests 6 ⎯⎯⎯⎯⎯⎯⎯

 FAIL  src/components/course/course-card.test.tsx > CourseCard > renders course title and difficulty
TestingLibraryElementError: Unable to find an element with the text: beginner. This could be because the text is broken up by multiple elements. In this case, you can provide a function for your text matcher to make your matcher more flexible.

Ignored nodes: comments, script, style
[36m<body>[39m
  [36m<div>[39m
    [36m<a[39m
      [33mhref[39m=[32m"/courses/c1"[39m
    [36m>[39m
      [36m<div[39m
        [33mclass[39m=[32m"rounded-xl border border-gray-200 bg-white shadow-sm group cursor-pointer transition-all hover:shadow-md hover:-translate-y-0.5"[39m
      [36m>[39m
        [36m<div[39m
          [33mclass[39m=[32m"h-40 rounded-t-xl bg-gradient-to-br from-stellar-purple/20 to-stellar-blue/20 flex items-center justify-center relative"[39m
        [36m>[39m
          [36m<svg[39m
            [33mclass[39m=[32m"lucide lucide-star h-10 w-10 text-stellar-purple/40"[39m
            [33mfill[39m=[32m"none"[39m
            [33mheight[39m=[32m"24"[39m
            [33mstroke[39m=[32m"currentColor"[39m
            [33mstroke-linecap[39m=[32m"round"[39m
            [33mstroke-linejoin[39m=[32m"round"[39m
            [33mstroke-width[39m=[32m"2"[39m
            [33mviewBox[39m=[32m"0 0 24 24"[39m
            [33mwidth[39m=[32m"24"[39m
            [33mxmlns[39m=[32m"http://www.w3.org/2000/svg"[39m
          [36m>[39m
            [36m<path[39m
              [33md[39m=[32m"M11.525 2.295a.53.53 0 0 1 .95 0l2.31 4.679a2.123 2.123 0 0 0 1.595 1.16l5.166.756a.53.53 0 0 1 .294.904l-3.736 3.638a2.123 2.123 0 0 0-.611 1.878l.882 5.14a.53.53 0 0 1-.771.56l-4.618-2.428a2.122 2.122 0 0 0-1.973 0L6.396 21.01a.53.53 0 0 1-.77-.56l.881-5.139a2.122 2.122 0 0 0-.611-1.879L2.16 9.795a.53.53 0 0 1 .294-.906l5.165-.755a2.122 2.122 0 0 0 1.597-1.16z"[39m
            [36m/>[39m
          [36m</svg>[39m
          [36m<div[39m
            [33mclass[39m=[32m"absolute top-2 right-2"[39m
          [36m>[39m
            [36m<button[39m
              [33maria-expanded[39m=[32m"false"[39m
              [33maria-haspopup[39m=[32m"menu"[39m
              [33mclass[39m=[32m"p-1.5 text-gray-500 hover:text-gray-900 bg-white/50 hover:bg-white/80 rounded-full transition-colors"[39m
              [33mdata-state[39m=[32m"closed"[39m
              [33mid[39m=[32m"radix-:r0:"[39m
              [33mtype[39m=[32m"button"[39m
            [36m>[39m
              [36m<svg[39m
                [33mclass[39m=[32m"lucide lucide-ellipsis-vertical h-4 w-4"[39m
                [33mfill[39m=[32m"none"[39m
                [33mheight[39m=[32m"24"[39m
                [33mstroke[39m=[32m"currentColor"[39m
                [33mstroke-linecap[39m=[32m"round"[39m
                [33mstroke-linejoin[39m=[32m"round"[39m
                [33mstroke-width[39m=[32m"2"[39m
                [33mviewBox[39m=[32m"0 0 24 24"[39m
                [33mwidth[39m=[32m"24"[39m
                [33mxmlns[39m=[32m"http://www.w3.org/2000/svg"[39m
              [36m>[39m
                [36m<circle[39m
                  [33mcx[39m=[32m"12"[39m
                  [33mcy[39m=[32m"12"[39m
                  [33mr[39m=[32m"1"[39m
                [36m/>[39m
                [36m<circle[39m
                  [33mcx[39m=[32m"12"[39m
                  [33mcy[39m=[32m"5"[39m
                  [33mr[39m=[32m"1"[39m
                [36m/>[39m
                [36m<circle[39m
                  [33mcx[39m=[32m"12"[39m
                  [33mcy[39m=[32m"19"[39m
                  [33mr[39m=[32m"1"[39m
                [36m/>[39m
              [36m</svg>[39m
            [36m</button>[39m
          [36m</div>[39m
        [36m</div>[39m
        [36m<div[39m
          [33mclass[39m=[32m"p-4"[39m
        [36m>[39m
          [36m<div[39m
            [33mclass[39m=[32m"flex items-center gap-2 mb-2"[39m
          [36m>[39m
            [36m<div[39m
              [33mclass[39m=[32m"inline-flex items-center rounded-full px-2.5 py-0.5 text-xs font-semibold transition-colors focus:outline-none focus:ring-2 focus:ring-primary-500 focus:ring-offset-2 bg-green-100 text-green-700"[39m
            [36m>[39m
              [0mBeginner[0m
            [36m</div>[39m
            [36m<span[39m
              [33mclass[39m=[32m"text-xs text-gray-500"[39m
            [36m>[39m
              [0mBlockchain[0m
            [36m</span>[39m
          [36m</div>[39m
          [36m<h3[39m
            [33mclass[39m=[32m"font-semibold text-gray-900 group-hover:text-primary-600 transition-colors mb-1"[39m
          [36m>[39m
            [0mStellar Basics[0m
          [36m</h3>[39m
          [36m<p[39m
            [33mclass[39m=[32m"text-sm text-gray-500 line-clamp-2"[39m
          [36m>[39m
            [0mLearn the Stellar network fundamentals.[0m
          [36m</p>[39m
        [36m</div>[39m
        [36m<div[39m
          [33mclass[39m=[32m"flex items-center p-6 px-4 pb-4 pt-0"[39m
        [36m>[39m
          [36m<div[39m
            [33mclass[39m=[32m"flex items-center justify-between w-full text-xs text-gray-500"[39m
          [36m>[39m
            [36m<div[39m
              [33mclass[39m=[32m"flex items-center gap-3"[39m
            [36m>[39m
              [36m<span[39m
                [33mclass[39m=[32m"flex items-center gap-1"[39m
              [36m>[39m
                [36m<svg[39m
                  [33mclass[39m=[32m"lucide lucide-clock h-3.5 w-3.5"[39m
                  [33mfill[39m=[32m"none"[39m
                  [33mheight[39m=[32m"24"[39m
                  [33mstroke[39m=[32m"currentColor"[39m
                  [33mstroke-linecap[39m=[32m"round"[39m
                  [33mstroke-linejoin[39m=[32m"round"[39m
                  [33mstroke-width[39m=[32m"2"[39m
                  [33mviewBox[39m=[32m"0 0 24 24"[39m
                  [33mwidth[39m=[32m"24"[39m
                  [33mxmlns[39m=[32m"http://www.w3.org/2000/svg"[39m
                [36m>[39m
                  [36m<circle[39m
                    [33mcx[39m=[32m"12"[39m
                    [33mcy[39m=[32m"12"[39m
                    [33mr[39m=[32m"10"[39m
                  [36m/>[39m
                  [36m<polyline[39m
                    [33mpoints[39m=[32m"12 6 12 12 16 14"[39m
                  [36m/>[39m
                [36m</svg>[39m
                [0m2h[0m
              [36m</span>[39m
              [36m<span[39m
                [33mclass[39m=[32m"flex items-center gap-1"[39m
              [36m>[39m
                [36m<svg[39m
                  [33mclass[39m=[32m"lucide lucide-users h-3.5 w-3.5"[39m
                  [33mfill[39m=[32m"none"[39m
                  [33mheight[39m=[32m"24"[39m
                  [33mstroke[39m=[32m"currentColor"[39m
                  [33mstroke-linecap[39m=[32m"round"[39m
                  [33mstroke-linejoin[39m=[32m"round"[39m
                  [33mstroke-width[39m=[32m"2"[39m
                  [33mviewBox[39m=[32m"0 0 24 24"[39m
                  [33mwidth[39m=[32m"24"[39m
                  [33mxmlns[39m=[32m"http://www.w3.org/2000/svg"[39m
                [36m>[39m
                  [36m<path[39m
                    [33md[39m=[32m"M16 21v-2a4 4 0 0 0-4-4H6a4 4 0 0 0-4 4v2"[39m
                  [36m/>[39m
                  [36m<circle[39m
                    [33mcx[39m=[32m"9"[39m
                    [33mcy[39m=[32m"7"[39m
                    [33mr[39m=[32m"4"[39m
                  [36m/>[39m
                  [36m<path[39m
                    [33md[39m=[32m"M22 21v-2a4 4 0 0 0-3-3.87"[39m
                  [36m/>[39m
                  [36m<path[39m
                    [33md[39m=[32m"M16 3.13a4 4 0 0 1 0 7.75"[39m
                  [36m/>[39m
                [36m</svg>[39m
                [0m120[0m
              [36m</span>[39m
            [36m</div>[39m
            [36m<span[39m
              [33mclass[39m=[32m"font-medium text-stellar-purple"[39m
            [36m>[39m
              [0m+[0m
              [0m50[0m
              [0m LEARN[0m
            [36m</span>[39m
          [36m</div>[39m
        [36m</div>[39m
      [36m</div>[39m
    [36m</a>[39m
  [36m</div>[39m
[36m</body>[39m
 ❯ Object.getElementError node_modules/@testing-library/dom/dist/config.js:37:19
 ❯ node_modules/@testing-library/dom/dist/query-helpers.js:76:38
 ❯ node_modules/@testing-library/dom/dist/query-helpers.js:52:17
 ❯ node_modules/@testing-library/dom/dist/query-helpers.js:95:19
 ❯ src/components/course/course-card.test.tsx:24:19
     22|     render(<CourseCard course={mockCourse} />);
     23|     expect(screen.getByText("Stellar Basics")).toBeInTheDocument();
     24|     expect(screen.getByText("beginner")).toBeInTheDocument();
       |                   ^
     25|     expect(screen.getByText("Blockchain")).toBeInTheDocument();
     26|     expect(screen.getByText("+50 LEARN")).toBeInTheDocument();

⎯⎯⎯⎯⎯⎯⎯⎯⎯⎯⎯⎯⎯⎯⎯⎯⎯⎯⎯⎯⎯⎯⎯⎯[1/6]⎯

 FAIL  src/components/layout/header.test.tsx > Header > toggles mobile navigation
TestingLibraryElementError: Unable to find a label with the text of: Toggle navigation

Ignored nodes: comments, script, style
[36m<body>[39m
  [36m<div>[39m
    [36m<header[39m
      [33mclass[39m=[32m"sticky top-0 z-50 border-b border-gray-200 bg-white/80 backdrop-blur-md"[39m
    [36m>[39m
      [36m<div[39m
        [33mclass[39m=[32m"mx-auto flex h-16 max-w-7xl items-center justify-between px-4 sm:px-6 lg:px-8"[39m
      [36m>[39m
        [36m<a[39m
          [33mclass[39m=[32m"flex items-center gap-2"[39m
          [33mhref[39m=[32m"/"[39m
        [36m>[39m
          [36m<div[39m
            [33mclass[39m=[32m"flex h-8 w-8 items-center justify-center rounded-lg bg-stellar-purple"[39m
          [36m>[39m
            [36m<svg[39m
              [33mclass[39m=[32m"lucide lucide-book-open h-5 w-5 text-white"[39m
              [33mfill[39m=[32m"none"[39m
              [33mheight[39m=[32m"24"[39m
              [33mstroke[39m=[32m"currentColor"[39m
              [33mstroke-linecap[39m=[32m"round"[39m
              [33mstroke-linejoin[39m=[32m"round"[39m
              [33mstroke-width[39m=[32m"2"[39m
              [33mviewBox[39m=[32m"0 0 24 24"[39m
              [33mwidth[39m=[32m"24"[39m
              [33mxmlns[39m=[32m"http://www.w3.org/2000/svg"[39m
            [36m>[39m
              [36m<path[39m
                [33md[39m=[32m"M12 7v14"[39m
              [36m/>[39m
              [36m<path[39m
                [33md[39m=[32m"M3 18a1 1 0 0 1-1-1V4a1 1 0 0 1 1-1h5a4 4 0 0 1 4 4 4 4 0 0 1 4-4h5a1 1 0 0 1 1 1v13a1 1 0 0 1-1 1h-6a3 3 0 0 0-3 3 3 3 0 0 0-3-3z"[39m
              [36m/>[39m
            [36m</svg>[39m
          [36m</div>[39m
          [36m<span[39m
            [33mclass[39m=[32m"text-lg font-bold text-gray-900"[39m
          [36m>[39m
            [0mChainLearn[0m
          [36m</span>[39m
        [36m</a>[39m
        [36m<nav[39m
          [33maria-label[39m=[32m"Primary navigation"[39m
          [33mclass[39m=[32m"hidden md:flex items-center gap-6"[39m
        [36m>[39m
          [36m<a[39m
            [33mclass[39m=[32m"flex items-center gap-1.5 text-sm font-medium transition-colors text-gray-600 hover:text-gray-900"[39m
            [33mhref[39m=[32m"/dashboard"[39m
          [36m>[39m
            [36m<svg[39m
              [33mclass[39m=[32m"lucide lucide-layout-dashboard h-4 w-4"[39m
              [33mfill[39m=[32m"none"[39m
              [33mheight[39m=[32m"24"[39m
              [33mstroke[39m=[32m"currentColor"[39m
              [33mstroke-linecap[39m=[32m"round"[39m
              [33mstroke-linejoin[39m=[32m"round"[39m
              [33mstroke-width[39m=[32m"2"[39m
              [33mviewBox[39m=[32m"0 0 24 24"[39m
              [33mwidth[39m=[32m"24"[39m
              [33mxmlns[39m=[32m"http://www.w3.org/2000/svg"[39m
            [36m>[39m
              [36m<rect[39m
                [33mheight[39m=[32m"9"[39m
                [33mrx[39m=[32m"1"[39m
                [33mwidth[39m=[32m"7"[39m
                [33mx[39m=[32m"3"[39m
                [33my[39m=[32m"3"[39m
              [36m/>[39m
              [36m<rect[39m
                [33mheight[39m=[32m"5"[39m
                [33mrx[39m=[32m"1"[39m
                [33mwidth[39m=[32m"7"[39m
                [33mx[39m=[32m"14"[39m
                [33my[39m=[32m"3"[39m
              [36m/>[39m
              [36m<rect[39m
                [33mheight[39m=[32m"9"[39m
                [33mrx[39m=[32m"1"[39m
                [33mwidth[39m=[32m"7"[39m
                [33mx[39m=[32m"14"[39m
                [33my[39m=[32m"12"[39m
              [36m/>[39m
              [36m<rect[39m
                [33mheight[39m=[32m"5"[39m
                [33mrx[39m=[32m"1"[39m
                [33mwidth[39m=[32m"7"[39m
                [33mx[39m=[32m"3"[39m
                [33my[39m=[32m"16"[39m
              [36m/>[39m
            [36m</svg>[39m
            [0mDashboard[0m
          [36m</a>[39m
          [36m<a[39m
            [33mclass[39m=[32m"flex items-center gap-1.5 text-sm font-medium transition-colors text-gray-600 hover:text-gray-900"[39m
            [33mhref[39m=[32m"/courses"[39m
          [36m>[39m
            [36m<svg[39m
              [33mclass[39m=[32m"lucide lucide-book-open h-4 w-4"[39m
              [33mfill[39m=[32m"none"[39m
              [33mheight[39m=[32m"24"[39m
              [33mstroke[39m=[32m"currentColor"[39m
              [33mstroke-linecap[39m=[32m"round"[39m
              [33mstroke-linejoin[39m=[32m"round"[39m
              [33mstroke-width[39m=[32m"2"[39m
              [33mviewBox[39m=[32m"0 0 24 24"[39m
              [33mwidth[39m=[32m"24"[39m
              [33mxmlns[39m=[32m"http://www.w3.org/2000/svg"[39m
            [36m>[39m
              [36m<path[39m
                [33md[39m=[32m"M12 7v14"[39m
              [36m/>[39m
              [36m<path[39m
                [33md[39m=[32m"M3 18a1 1 0 0 1-1-1V4a1 1 0 0 1 1-1h5a4 4 0 0 1 4 4 4 4 0 0 1 4-4h5a1 1 0 0 1 1 1v13a1 1 0 0 1-1 1h-6a3 3 0 0 0-3 3 3 3 0 0 0-3-3z"[39m
              [36m/>[39m
            [36m</svg>[39m
            [0mCourses[0m
          [36m</a>[39m
          [36m<a[39m
            [33mclass[39m=[32m"flex items-center gap-1.5 text-sm font-medium transition-colors text-gray-600 hover:text-gray-900"[39m
            [33mhref[39m=[32m"/rewards"[39m
          [36m>[39m
            [36m<svg[39m
              [33mclass[39m=[32m"lucide lucide-trophy h-4 w-4"[39m
              [33mfill[39m=[32m"none"[39m
              [33mheight[39m=[32m"24"[39m
              [33mstroke[39m=[32m"currentColor"[39m
              [33mstroke-linecap[39m=[32m"round"[39m
              [33mstroke-linejoin[39m=[32m"round"[39m
              [33mstroke-width[39m=[32m"2"[39m
              [33mviewBox[39m=[32m"0 0 24 24"[39m
              [33mwidth[39m=[32m"24"[39m
              [33mxmlns[39m=[32m"http://www.w3.org/2000/svg"[39m
            [36m>[39m
              [36m<path[39m
                [33md[39m=[32m"M6 9H4.5a2.5 2.5 0 0 1 0-5H6"[39m
              [36m/>[39m
              [36m<path[39m
                [33md[39m=[32m"M18 9h1.5a2.5 2.5 0 0 0 0-5H18"[39m
              [36m/>[39m
              [36m<path[39m
                [33md[39m=[32m"M4 22h16"[39m
              [36m/>[39m
              [36m<path[39m
                [33md[39m=[32m"M10 14.66V17c0 .55-.47.98-.97 1.21C7.85 18.75 7 20.24 7 22"[39m
              [36m/>[39m
              [36m<path[39m
                [33md[39m=[32m"M14 14.66V17c0 .55.47.98.97 1.21C16.15 18.75 17 20.24 17 22"[39m
              [36m/>[39m
              [36m<path[39m
                [33md[39m=[32m"M18 2H6v7a6 6 0 0 0 12 0V2Z"[39m
              [36m/>[39m
            [36m</svg>[39m
            [0mRewards[0m
          [36m</a>[39m
          [36m<a[39m
            [33mclass[39m=[32m"flex items-center gap-1.5 text-sm font-medium transition-colors text-gray-600 hover:text-gray-900"[39m
            [33mhref[39m=[32m"/credentials"[39m
          [36m>[39m
            [36m<svg[39m
              [33mclass[39m=[32m"lucide lucide-award h-4 w-4"[39m
              [33mfill[39m=[32m"none"[39m
              [33mheight[39m=[32m"24"[39m
              [33mstroke[39m=[32m"currentColor"[39m
              [33mstroke-linecap[39m=[32m"round"[39m
              [33mstroke-linejoin[39m=[32m"round"[39m
              [33mstroke-width[39m=[32m"2"[39m
              [33mviewBox[39m=[32m"0 0 24 24"[39m
              [33mwidth[39m=[32m"24"[39m
              [33mxmlns[39m=[32m"http://www.w3.org/2000/svg"[39m
            [36m>[39m
              [36m<path[39m
                [33md[39m=[32m"m15.477 12.89 1.515 8.526a.5.5 0 0 1-.81.47l-3.58-2.687a1 1 0 0 0-1.197 0l-3.586 2.686a.5.5 0 0 1-.81-.469l1.514-8.526"[39m
              [36m/>[39m
              [36m<circle[39m
                [33mcx[39m=[32m"12"[39m
                [33mcy[39m=[32m"8"[39m
                [33mr[39m=[32m"6"[39m
              [36m/>[39m
            [36m</svg>[39m
            [0mCredentials[0m
          [36m</a>[39m
        [36m</nav>[39m
        [36m<div[39m
          [33mclass[39m=[32m"flex items-center gap-3"[39m
        [36m>[39m
          [36m<button[39m
            [33maria-expanded[39m=[32m"false"[39m
            [33maria-haspopup[39m=[32m"menu"[39m
            [33mclass[39m=[32m"flex items-center gap-2 outline-none hover:opacity-80 transition-opacity"[39m
            [33mdata-state[39m=[32m"closed"[39m
            [33mid[39m=[32m"radix-:r2:"[39m
            [33mtype[39m=[32m"button"[39m
          [36m>[39m
            [36m<span[39m
              [33mclass[39m=[32m"relative flex shrink-0 overflow-hidden rounded-full bg-gray-100 h-8 w-8 text-xs"[39m
            [36m>[39m
              [36m<span[39m
                [33mclass[39m=[32m"flex h-full w-full items-center justify-center rounded-full bg-primary-100 font-medium text-primary-700"[39m
              [36m>[39m
                [0mGA[0m
              [36m</span>[39m
            [36m</span>[39m
            [36m<span[39m
              [33mclass[39m=[32m"hidden sm:block text-xs font-mono text-gray-500"[39m
            [36m>[39m
              [0mGABC...JKLM[0m
            [36m</span>[39m
          [36m</button>[39m
          [36m<div[39m
            [33mclass[39m=[32m"relative"[39m
          [36m>[39m
            [36m<button[39m
              [33maria-expanded[39m=[32m"false"[39m
              [33maria-haspopup[39m=[32m"true"[39m
              [33mclass[39m=[32m"inline-flex items-center justify-center rounded-lg font-medium transition-colors focus-visible:outline-none focus-visible:ring-2 focus-visible:ring-primary-500 focus-visible:ring-offset-2 disabled:opacity-50 disabled:pointer-events-none border border-gray-300 bg-transparent hover:bg-gray-50 h-8 px-3 text-sm gap-2"[39m
              [33mtype[39m=[32m"button"[39m
            [36m>[39m
              [36m<div[39m
                [33mclass[39m=[32m"h-2 w-2 rounded-full bg-green-500"[39m
              [36m/>[39m
              [0mGABC...JKLM[0m
            [36m</button>[39m
          [36m</div>[39m
          [36m<button[39m
            [33maria-controls[39m=[32m"mobile-nav"[39m
            [33maria-expanded[39m=[32m"false"[39m
            [33maria-label[39m=[32m"Toggle navigation menu"[39m
            [33mclass[39m=[32m"md:hidden p-2 text-gray-600 hover:text-gray-900"[39m
          [36m>[39m
            [36m<svg[39m
              [33mclass[39m=[32m"lucide lucide-menu h-5 w-5"[39m
              [33mfill[39m=[32m"none"[39m
              [33mheight[39m=[32m"24"[39m
              [33mstroke[39m=[32m"currentColor"[39m
              [33mstroke-linecap[39m=[32m"round"[39m
              [33mstroke-linejoin[39m=[32m"round"[39m
              [33mstroke-width[39m=[32m"2"[39m
              [33mviewBox[39m=[32m"0 0 24 24"[39m
              [33mwidth[39m=[32m"24"[39m
              [33mxmlns[39m=[32m"http://www.w3.org/2000/svg"[39m
            [36m>[39m
              [36m<line[39m
                [33mx1[39m=[32m"4"[39m
                [33mx2[39m=[32m"20"[39m
                [33my1[39m=[32m"12"[39m
                [33my2[39m=[32m"12"[39m
              [36m/>[39m
              [36m<line[39m
                [33mx1[39m=[32m"4"[39m
                [33mx2[39m=[32m"20"[39m
                [33my1[39m=[32m"6"[39m
                [33my2[39m=[32m"6"[39m
              [36m/>[39m
              [36m<line[39m
                [33mx1[39m=[32m"4"[39m
                [33mx2[39m=[32m"20"[39m
                [33my1[39m=[32m"18"[39m
                [33my2[39m=[32m"18"[39m
              [36m/>[39m
            [36m</svg>[39m
          [36m</button>[39m
        [36m</div>[39m
      [36m</div>[39m
    [36m</header>[39m
  [36m</div>[39m
[36m</body>[39m
 ❯ Object.getElementError node_modules/@testing-library/dom/dist/config.js:37:19
 ❯ getAllByLabelText node_modules/@testing-library/dom/dist/queries/label-text.js:111:38
 ❯ node_modules/@testing-library/dom/dist/query-helpers.js:52:17
 ❯ node_modules/@testing-library/dom/dist/query-helpers.js:95:19
 ❯ src/components/layout/header.test.tsx:56:27
     54|     render(<Header />);
     55|
     56|     const toggle = screen.getByLabelText("Toggle navigation");
       |                           ^
     57|     expect(toggle).toHaveAttribute("aria-expanded", "false");
     58|     await user.click(toggle);

⎯⎯⎯⎯⎯⎯⎯⎯⎯⎯⎯⎯⎯⎯⎯⎯⎯⎯⎯⎯⎯⎯⎯⎯[2/6]⎯

 FAIL  src/components/layout/mobile-nav.test.tsx > MobileNav > renders bottom navigation links
TestingLibraryElementError: Unable to find an element with the text: Dashboard. This could be because the text is broken up by multiple elements. In this case, you can provide a function for your text matcher to make your matcher more flexible.

Ignored nodes: comments, script, style
[36m<body>[39m
  [36m<div />[39m
[36m</body>[39m
 ❯ Object.getElementError node_modules/@testing-library/dom/dist/config.js:37:19
 ❯ node_modules/@testing-library/dom/dist/query-helpers.js:76:38
 ❯ node_modules/@testing-library/dom/dist/query-helpers.js:52:17
 ❯ node_modules/@testing-library/dom/dist/query-helpers.js:95:19
 ❯ src/components/layout/mobile-nav.test.tsx:8:19
      6|   it("renders bottom navigation links", () => {
      7|     render(<MobileNav />);
      8|     expect(screen.getByText("Dashboard")).toBeInTheDocument();
       |                   ^
      9|     expect(screen.getByText("Courses")).toBeInTheDocument();
     10|     expect(screen.getByText("Rewards")).toBeInTheDocument();

⎯⎯⎯⎯⎯⎯⎯⎯⎯⎯⎯⎯⎯⎯⎯⎯⎯⎯⎯⎯⎯⎯⎯⎯[3/6]⎯

 FAIL  src/components/layout/mobile-nav.test.tsx > MobileNav > highlights the active link
TestingLibraryElementError: Unable to find an element with the text: Dashboard. This could be because the text is broken up by multiple elements. In this case, you can provide a function for your text matcher to make your matcher more flexible.

Ignored nodes: comments, script, style
[36m<body>[39m
  [36m<div />[39m
[36m</body>[39m
 ❯ Object.getElementError node_modules/@testing-library/dom/dist/config.js:37:19
 ❯ node_modules/@testing-library/dom/dist/query-helpers.js:76:38
 ❯ node_modules/@testing-library/dom/dist/query-helpers.js:52:17
 ❯ node_modules/@testing-library/dom/dist/query-helpers.js:95:19
 ❯ src/components/layout/mobile-nav.test.tsx:16:30
     14|   it("highlights the active link", () => {
     15|     render(<MobileNav />);
     16|     const dashboard = screen.getByText("Dashboard").closest("a");
       |                              ^
     17|     expect(dashboard).toHaveClass("text-primary-600");
     18|   });

⎯⎯⎯⎯⎯⎯⎯⎯⎯⎯⎯⎯⎯⎯⎯⎯⎯⎯⎯⎯⎯⎯⎯⎯[4/6]⎯

 FAIL  src/components/layout/sidebar.test.tsx > Sidebar > renders all navigation links
TestingLibraryElementError: Unable to find an element with the text: Dashboard. This could be because the text is broken up by multiple elements. In this case, you can provide a function for your text matcher to make your matcher more flexible.

Ignored nodes: comments, script, style
[36m<body>[39m
  [36m<div />[39m
[36m</body>[39m
 ❯ Object.getElementError node_modules/@testing-library/dom/dist/config.js:37:19
 ❯ node_modules/@testing-library/dom/dist/query-helpers.js:76:38
 ❯ node_modules/@testing-library/dom/dist/query-helpers.js:52:17
 ❯ node_modules/@testing-library/dom/dist/query-helpers.js:95:19
 ❯ src/components/layout/sidebar.test.tsx:8:19
      6|   it("renders all navigation links", () => {
      7|     render(<Sidebar />);
      8|     expect(screen.getByText("Dashboard")).toBeInTheDocument();
       |                   ^
      9|     expect(screen.getByText("Courses")).toBeInTheDocument();
     10|     expect(screen.getByText("Rewards")).toBeInTheDocument();

⎯⎯⎯⎯⎯⎯⎯⎯⎯⎯⎯⎯⎯⎯⎯⎯⎯⎯⎯⎯⎯⎯⎯⎯[5/6]⎯

 FAIL  src/components/layout/sidebar.test.tsx > Sidebar > marks the active route
TestingLibraryElementError: Unable to find an element with the text: Dashboard. This could be because the text is broken up by multiple elements. In this case, you can provide a function for your text matcher to make your matcher more flexible.

Ignored nodes: comments, script, style
[36m<body>[39m
  [36m<div />[39m
[36m</body>[39m
 ❯ Object.getElementError node_modules/@testing-library/dom/dist/config.js:37:19
 ❯ node_modules/@testing-library/dom/dist/query-helpers.js:76:38
 ❯ node_modules/@testing-library/dom/dist/query-helpers.js:52:17
 ❯ node_modules/@testing-library/dom/dist/query-helpers.js:95:19
 ❯ src/components/layout/sidebar.test.tsx:16:30
     14|   it("marks the active route", () => {
     15|     render(<Sidebar />);
     16|     const dashboard = screen.getByText("Dashboard").closest("a");
       |                              ^
     17|     expect(dashboard).toHaveClass("bg-primary-100");
     18|   });

⎯⎯⎯⎯⎯⎯⎯⎯⎯⎯⎯⎯⎯⎯⎯⎯⎯⎯⎯⎯⎯⎯⎯⎯[6/6]⎯


 Test Files  4 failed | 36 passed (40)
      Tests  6 failed | 208 passed (214)
   Start at  07:58:03
   Duration  110.85s (transform 6.95s, setup 27.18s, import 40.10s, tests 49.91s, environment 176.04s)

